// Vitest Snapshot v1

exports[`VMap > render default props 1`] = `"<div class=\\"v-map leaflet-container leaflet-touch leaflet-grab leaflet-touch-drag leaflet-touch-zoom\\" style=\\"position: relative;\\" tabindex=\\"0\\"><!--v-if--><div class=\\"leaflet-pane leaflet-map-pane\\" style=\\"left: 0px; top: 0px;\\"><div class=\\"leaflet-pane leaflet-tile-pane\\"></div><div class=\\"leaflet-pane leaflet-overlay-pane\\"></div><div class=\\"leaflet-pane leaflet-shadow-pane\\"></div><div class=\\"leaflet-pane leaflet-marker-pane\\"></div><div class=\\"leaflet-pane leaflet-tooltip-pane\\"></div><div class=\\"leaflet-pane leaflet-popup-pane\\"></div></div><div class=\\"leaflet-control-container\\"><div class=\\"leaflet-top leaflet-left\\"><div class=\\"leaflet-control-zoom leaflet-bar leaflet-control\\"><a class=\\"leaflet-control-zoom-in\\" href=\\"#\\" title=\\"Zoom in\\" role=\\"button\\" aria-label=\\"Zoom in\\" aria-disabled=\\"false\\"><span aria-hidden=\\"true\\">+</span></a><a class=\\"leaflet-control-zoom-out leaflet-disabled\\" href=\\"#\\" title=\\"Zoom out\\" role=\\"button\\" aria-label=\\"Zoom out\\" aria-disabled=\\"true\\"><span aria-hidden=\\"true\\">âˆ’</span></a></div></div><div class=\\"leaflet-top leaflet-right\\"></div><div class=\\"leaflet-bottom leaflet-left\\"></div><div class=\\"leaflet-bottom leaflet-right\\"><div class=\\"leaflet-control-attribution leaflet-control\\"><a href=\\"https://leafletjs.com\\" title=\\"A JavaScript library for interactive maps\\">Leaflet</a></div></div></div></div>"`;
